// Jest Snapshot v1, https://goo.gl/fbAQLP

exports[`Input render correctly 1`] = `
<input
  type="text"
  value=""
/>
`;
