// Jest Snapshot v1, https://goo.gl/fbAQLP

exports[`LivePusher render correctly 1`] = `<live-pusher />`;
