// Jest Snapshot v1, https://goo.gl/fbAQLP

exports[`ScrollView render correctly 1`] = `
<scroll-view
  lowerThreshold={50}
  onScroll={[Function]}
  upperThreshold={50}
/>
`;
