// Jest Snapshot v1, https://goo.gl/fbAQLP

exports[`Slider render correctly 1`] = `
<slider
  blockSize={28}
  max={100}
  step={1}
/>
`;
