// Jest Snapshot v1, https://goo.gl/fbAQLP

exports[`Editor render correctly 1`] = `<editor />`;
