// Jest Snapshot v1, https://goo.gl/fbAQLP

exports[`Input render correctly 1`] = `
<input
  maxlength={140}
  selectionEnd={999}
  selectionStart={999}
  type="text"
  value=""
/>
`;
