// Jest Snapshot v1, https://goo.gl/fbAQLP

exports[`LivePlayer render correctly 1`] = `<live-player />`;
