{
  "defaultTitle": "Alipay Page",
  "titleBarColor": "#323239",
  "usingComponents": {}
}