{
  "pages": [
    "pages/index"
  ],
  "window": {
    "defaultTitle": "Alipay App",
    "titleBarColor": "#323239"
  },
  "subPackages": [
    {
      "root": "packageA",
      "pages": [
        "pages/index"
      ]
    }
  ],
  "tabBar": {
    "textColor": "#ffffff",
    "selectedColor": "#000000",
    "backgroundColor": "#212121",
    "items": [
      {
        "pagePath": "pages/index/index",
        "name": "首页",
        "icon": "./assets/images/cat.png",
        "activeIcon": "./assets/images/dog.png"
      },
      {
        "pagePath": "packageA/pages/index",
        "name": "其他",
        "icon": "./assets/images/cat.png",
        "activeIcon": "./assets/images/dog.png"
      }
    ]
  }
}