{
  "defaultTitle": "Alipay App",
  "titleBarColor": "#323239",
  "usingComponents": {}
}