{
  "usingComponents": {
    "a-0": "../components/a/index"
  }
}